--------- beginning of main
10-18 23:18:01.472 23034 23051 I KASPRESSO: ___________________________________________________________________________
10-18 23:18:01.475 23034 23051 I KASPRESSO: Logcat buffer may be dumped from 10-18 23:18:01.472
10-18 23:18:01.648 23034 23051 I KASPRESSO: Starting video recording: Video_DeleteHabitTest.mp4
10-18 23:18:01.648 23034 23051 I KASPRESSO: Waiting for 3000 ms
10-18 23:18:01.650 23034 25684 D KASPRESSO: Display resolution: 1080x2337; supported codec resolution: 2048x2048
10-18 23:18:01.650 23034 25684 D KASPRESSO: Starting video recording with resolution 1080x2048
10-18 23:18:04.675 23034 23051 I KASPRESSO: ---------------------------------------------------------------------------
10-18 23:18:04.675 23034 23051 I KASPRESSO: BEFORE TEST SECTION
10-18 23:18:04.675 23034 23051 I KASPRESSO: ---------------------------------------------------------------------------
10-18 23:18:04.680 23034 23051 I KASPRESSO: ---------------------------------------------------------------------------
10-18 23:18:04.680 23034 23051 I KASPRESSO: TEST SECTION
10-18 23:18:04.680 23034 23051 I KASPRESSO: ---------------------------------------------------------------------------
10-18 23:18:04.690 23034 23051 I KASPRESSO: ___________________________________________________________________________
10-18 23:18:04.690 23034 23051 I KASPRESSO: TEST STEP: "1. Постусловие: Удаление привычки" in DeleteHabitTest
10-18 23:18:04.800 23034 23034 I KASPRESSO: single click on TextView(resource id not found;text=Habit1;)
10-18 23:18:06.267 23034 23034 I KASPRESSO: single click on MaterialTextView(id=title;text=Delete;)
10-18 23:18:07.298 23034 23034 I KASPRESSO: single click on MaterialButton(id=button1;text=Yes;)
10-18 23:18:07.812 23034 23051 I KASPRESSO: TEST STEP: "1. Постусловие: Удаление привычки" in DeleteHabitTest SUCCEED. It took 0 minutes, 3 seconds and 116 millis. 
10-18 23:18:07.812 23034 23051 I KASPRESSO: ___________________________________________________________________________
10-18 23:18:08.084 23034 23051 I KASPRESSO: Screenshot saved to /data/user/0/org.isoron.uhabits/files/screenshots/tests.DeleteHabitTest/deleteHabitWithoutTarget_verifyRemoved/DeleteHabitTest_step_1.png
10-18 23:18:08.089 23034 23051 I KASPRESSO: ___________________________________________________________________________
10-18 23:18:08.089 23034 23051 I KASPRESSO: TEST STEP: "2. Предусловие: Создание привычки без цели" in DeleteHabitTest
10-18 23:18:08.104 23034 23034 I KASPRESSO: single click on ActionMenuItemView(id=actionCreateHabit;desc=Add habit;)
10-18 23:18:08.813 23034 23034 I KASPRESSO: single click on LinearLayout(id=buttonYesNo;)
10-18 23:18:09.717 23034 23051 I KASPRESSO: TEST STEP: "2. Предусловие: Создание привычки без цели" in DeleteHabitTest SUCCEED. It took 0 minutes, 1 seconds and 628 millis. 
10-18 23:18:09.717 23034 23051 I KASPRESSO: ___________________________________________________________________________
10-18 23:18:10.066 23034 23051 I KASPRESSO: Screenshot saved to /data/user/0/org.isoron.uhabits/files/screenshots/tests.DeleteHabitTest/deleteHabitWithoutTarget_verifyRemoved/DeleteHabitTest_step_2.png
10-18 23:18:10.088 23034 23034 I KASPRESSO: replace text(Habit1) on AppCompatEditText(id=nameInput;hint=e.g. Exercise;)
10-18 23:18:10.225 23034 23034 I KASPRESSO: single click on MaterialButton(id=buttonSave;text=Save;)
10-18 23:18:11.913 23034 23051 I KASPRESSO: ___________________________________________________________________________
10-18 23:18:11.913 23034 23051 I KASPRESSO: TEST STEP: "3. Удаление привычки без цели" in DeleteHabitTest
10-18 23:18:11.944 23034 23034 I KASPRESSO: single click on TextView(resource id not found;text=Habit1;)
10-18 23:18:13.321 23034 23034 I KASPRESSO: Check (view has effective visibility <VISIBLE> and view.getGlobalVisibleRect() to return non-empty rectangle) on MaterialTextView(id=title;text=Delete;)
10-18 23:18:13.324 23034 23034 I KASPRESSO: single click on MaterialTextView(id=title;text=Delete;)
10-18 23:18:14.165 23034 23034 I KASPRESSO: Check (view has effective visibility <VISIBLE> and view.getGlobalVisibleRect() to return non-empty rectangle) on MaterialButton(id=button1;text=Yes;)
10-18 23:18:14.168 23034 23034 I KASPRESSO: single click on MaterialButton(id=button1;text=Yes;)
10-18 23:18:14.967 23034 23051 I KASPRESSO: TEST STEP: "3. Удаление привычки без цели" in DeleteHabitTest SUCCEED. It took 0 minutes, 3 seconds and 53 millis. 
10-18 23:18:14.967 23034 23051 I KASPRESSO: ___________________________________________________________________________
10-18 23:18:15.076 23034 23051 I KASPRESSO: Screenshot saved to /data/user/0/org.isoron.uhabits/files/screenshots/tests.DeleteHabitTest/deleteHabitWithoutTarget_verifyRemoved/DeleteHabitTest_step_3.png
10-18 23:18:15.076 23034 23051 I KASPRESSO: ___________________________________________________________________________
10-18 23:18:15.076 23034 23051 I KASPRESSO: TEST STEP: "4. Проверить, что привычка без цели удалена из списка привычек" in DeleteHabitTest
10-18 23:18:15.094 23034 23034 I KASPRESSO: (an instance of android.widget.TextView and view.getText() with or without transformation to match: is "Habit1")
10-18 23:18:15.095 23034 23051 I KASPRESSO: TEST STEP: "4. Проверить, что привычка без цели удалена из списка привычек" in DeleteHabitTest SUCCEED. It took 0 minutes, 0 seconds and 19 millis. 
10-18 23:18:15.095 23034 23051 I KASPRESSO: ___________________________________________________________________________
10-18 23:18:15.196 23034 23051 I KASPRESSO: Screenshot saved to /data/user/0/org.isoron.uhabits/files/screenshots/tests.DeleteHabitTest/deleteHabitWithoutTarget_verifyRemoved/DeleteHabitTest_step_4.png
10-18 23:18:15.198 23034 23051 I KASPRESSO: ---------------------------------------------------------------------------
10-18 23:18:15.198 23034 23051 I KASPRESSO: AFTER TEST SECTION
10-18 23:18:15.198 23034 23051 I KASPRESSO: ---------------------------------------------------------------------------
10-18 23:18:15.198 23034 23051 I KASPRESSO: ---------------------------------------------------------------------------
10-18 23:18:15.198 23034 23051 I KASPRESSO: TEST PASSED
10-18 23:18:15.198 23034 23051 I KASPRESSO: ---------------------------------------------------------------------------
10-18 23:18:15.201 23034 23051 I KASPRESSO: Dump logcat buffer to /data/user/0/org.isoron.uhabits/files/logcat/tests.DeleteHabitTest/deleteHabitWithoutTarget_verifyRemoved/TestLogcat.txt: logcat -b default -d -t "10-18 23:18:01.472" -s "KASPRESSO","KASPRESSO_TEST"
